--- Standalone Stress Test Started ---
Searching for an existing Cari Hesap...
No existing Cari Hesap found. RLS prevents creating new ones. Test aborted.
